PASS src/lib/crypto.test.ts
FAIL src/lib/mqtt/mqtt-manager.test.ts
  ● Console

    console.error
      📡 MQTT connect failed: credentialsFetcher is not a function

      171 |     catch (error: any) {
      172 |       this.status = EMqttStatus.DISCONNECTED;
    > 173 |       console.error('📡 MQTT connect failed:', error?.message);
          |               ^
      174 |     }
      175 |   }
      176 |

      at MqttManager.error (src/lib/mqtt/mqtt-manager.ts:173:15)
      at asyncGeneratorStep (node_modules/@babel/runtime/helpers/asyncToGenerator.js:3:17)
      at _next (node_modules/@babel/runtime/helpers/asyncToGenerator.js:17:9)
      at node_modules/@babel/runtime/helpers/asyncToGenerator.js:22:7
      at MqttManager.<anonymous> (node_modules/@babel/runtime/helpers/asyncToGenerator.js:14:12)
      at MqttManager.apply [as connect] (src/lib/mqtt/mqtt-manager.ts:113:16)
      at Object.connect (src/lib/mqtt/mqtt-manager.test.ts:72:21)
      at asyncGeneratorStep (node_modules/@babel/runtime/helpers/asyncToGenerator.js:3:17)
      at _next (node_modules/@babel/runtime/helpers/asyncToGenerator.js:17:9)
      at node_modules/@babel/runtime/helpers/asyncToGenerator.js:22:7
      at Object.<anonymous> (node_modules/@babel/runtime/helpers/asyncToGenerator.js:14:12)

    console.error
      📡 MQTT connect failed: credentialsFetcher is not a function

      171 |     catch (error: any) {
      172 |       this.status = EMqttStatus.DISCONNECTED;
    > 173 |       console.error('📡 MQTT connect failed:', error?.message);
          |               ^
      174 |     }
      175 |   }
      176 |

      at MqttManager.error (src/lib/mqtt/mqtt-manager.ts:173:15)
      at asyncGeneratorStep (node_modules/@babel/runtime/helpers/asyncToGenerator.js:3:17)
      at _next (node_modules/@babel/runtime/helpers/asyncToGenerator.js:17:9)
      at node_modules/@babel/runtime/helpers/asyncToGenerator.js:22:7
      at MqttManager.<anonymous> (node_modules/@babel/runtime/helpers/asyncToGenerator.js:14:12)
      at MqttManager.apply [as connect] (src/lib/mqtt/mqtt-manager.ts:113:16)
      at Object.connect (src/lib/mqtt/mqtt-manager.test.ts:86:21)
      at asyncGeneratorStep (node_modules/@babel/runtime/helpers/asyncToGenerator.js:3:17)
      at _next (node_modules/@babel/runtime/helpers/asyncToGenerator.js:17:9)
      at node_modules/@babel/runtime/helpers/asyncToGenerator.js:22:7
      at Object.<anonymous> (node_modules/@babel/runtime/helpers/asyncToGenerator.js:14:12)

    console.error
      📡 MQTT connect failed: credentialsFetcher is not a function

      171 |     catch (error: any) {
      172 |       this.status = EMqttStatus.DISCONNECTED;
    > 173 |       console.error('📡 MQTT connect failed:', error?.message);
          |               ^
      174 |     }
      175 |   }
      176 |

      at MqttManager.error (src/lib/mqtt/mqtt-manager.ts:173:15)
      at asyncGeneratorStep (node_modules/@babel/runtime/helpers/asyncToGenerator.js:3:17)
      at _next (node_modules/@babel/runtime/helpers/asyncToGenerator.js:17:9)
      at node_modules/@babel/runtime/helpers/asyncToGenerator.js:22:7
      at MqttManager.<anonymous> (node_modules/@babel/runtime/helpers/asyncToGenerator.js:14:12)
      at MqttManager.apply [as connect] (src/lib/mqtt/mqtt-manager.ts:113:16)
      at Object.connect (src/lib/mqtt/mqtt-manager.test.ts:87:21)
      at asyncGeneratorStep (node_modules/@babel/runtime/helpers/asyncToGenerator.js:3:17)
      at _next (node_modules/@babel/runtime/helpers/asyncToGenerator.js:17:9)

    console.error
      📡 MQTT connect failed: credentialsFetcher is not a function

      171 |     catch (error: any) {
      172 |       this.status = EMqttStatus.DISCONNECTED;
    > 173 |       console.error('📡 MQTT connect failed:', error?.message);
          |               ^
      174 |     }
      175 |   }
      176 |

      at MqttManager.error (src/lib/mqtt/mqtt-manager.ts:173:15)
      at asyncGeneratorStep (node_modules/@babel/runtime/helpers/asyncToGenerator.js:3:17)
      at _next (node_modules/@babel/runtime/helpers/asyncToGenerator.js:17:9)
      at node_modules/@babel/runtime/helpers/asyncToGenerator.js:22:7
      at MqttManager.<anonymous> (node_modules/@babel/runtime/helpers/asyncToGenerator.js:14:12)
      at MqttManager.apply [as connect] (src/lib/mqtt/mqtt-manager.ts:113:16)
      at Object.connect (src/lib/mqtt/mqtt-manager.test.ts:95:21)
      at asyncGeneratorStep (node_modules/@babel/runtime/helpers/asyncToGenerator.js:3:17)
      at _next (node_modules/@babel/runtime/helpers/asyncToGenerator.js:17:9)
      at node_modules/@babel/runtime/helpers/asyncToGenerator.js:22:7
      at Object.<anonymous> (node_modules/@babel/runtime/helpers/asyncToGenerator.js:14:12)

    console.error
      📡 MQTT connect failed: credentialsFetcher is not a function

      171 |     catch (error: any) {
      172 |       this.status = EMqttStatus.DISCONNECTED;
    > 173 |       console.error('📡 MQTT connect failed:', error?.message);
          |               ^
      174 |     }
      175 |   }
      176 |

      at MqttManager.error (src/lib/mqtt/mqtt-manager.ts:173:15)
      at asyncGeneratorStep (node_modules/@babel/runtime/helpers/asyncToGenerator.js:3:17)
      at _next (node_modules/@babel/runtime/helpers/asyncToGenerator.js:17:9)
      at node_modules/@babel/runtime/helpers/asyncToGenerator.js:22:7
      at MqttManager.<anonymous> (node_modules/@babel/runtime/helpers/asyncToGenerator.js:14:12)
      at MqttManager.apply [as connect] (src/lib/mqtt/mqtt-manager.ts:113:16)
      at Object.connect (src/lib/mqtt/mqtt-manager.test.ts:106:21)
      at asyncGeneratorStep (node_modules/@babel/runtime/helpers/asyncToGenerator.js:3:17)
      at _next (node_modules/@babel/runtime/helpers/asyncToGenerator.js:17:9)
      at node_modules/@babel/runtime/helpers/asyncToGenerator.js:22:7
      at Object.<anonymous> (node_modules/@babel/runtime/helpers/asyncToGenerator.js:14:12)

    console.error
      📡 MQTT connect failed: credentialsFetcher is not a function

      171 |     catch (error: any) {
      172 |       this.status = EMqttStatus.DISCONNECTED;
    > 173 |       console.error('📡 MQTT connect failed:', error?.message);
          |               ^
      174 |     }
      175 |   }
      176 |

      at MqttManager.error (src/lib/mqtt/mqtt-manager.ts:173:15)
      at asyncGeneratorStep (node_modules/@babel/runtime/helpers/asyncToGenerator.js:3:17)
      at _next (node_modules/@babel/runtime/helpers/asyncToGenerator.js:17:9)
      at node_modules/@babel/runtime/helpers/asyncToGenerator.js:22:7
      at MqttManager.<anonymous> (node_modules/@babel/runtime/helpers/asyncToGenerator.js:14:12)
      at MqttManager.apply [as connect] (src/lib/mqtt/mqtt-manager.ts:113:16)
      at Object.connect (src/lib/mqtt/mqtt-manager.test.ts:122:21)
      at asyncGeneratorStep (node_modules/@babel/runtime/helpers/asyncToGenerator.js:3:17)
      at _next (node_modules/@babel/runtime/helpers/asyncToGenerator.js:17:9)
      at node_modules/@babel/runtime/helpers/asyncToGenerator.js:22:7
      at Object.<anonymous> (node_modules/@babel/runtime/helpers/asyncToGenerator.js:14:12)

    console.error
      📡 MQTT connect failed: credentialsFetcher is not a function

      171 |     catch (error: any) {
      172 |       this.status = EMqttStatus.DISCONNECTED;
    > 173 |       console.error('📡 MQTT connect failed:', error?.message);
          |               ^
      174 |     }
      175 |   }
      176 |

      at MqttManager.error (src/lib/mqtt/mqtt-manager.ts:173:15)
      at asyncGeneratorStep (node_modules/@babel/runtime/helpers/asyncToGenerator.js:3:17)
      at _next (node_modules/@babel/runtime/helpers/asyncToGenerator.js:17:9)
      at node_modules/@babel/runtime/helpers/asyncToGenerator.js:22:7
      at MqttManager.<anonymous> (node_modules/@babel/runtime/helpers/asyncToGenerator.js:14:12)
      at MqttManager.apply [as connect] (src/lib/mqtt/mqtt-manager.ts:113:16)
      at Object.connect (src/lib/mqtt/mqtt-manager.test.ts:144:21)
      at asyncGeneratorStep (node_modules/@babel/runtime/helpers/asyncToGenerator.js:3:17)
      at _next (node_modules/@babel/runtime/helpers/asyncToGenerator.js:17:9)
      at node_modules/@babel/runtime/helpers/asyncToGenerator.js:22:7
      at Object.<anonymous> (node_modules/@babel/runtime/helpers/asyncToGenerator.js:14:12)

    console.error
      📡 MQTT connect failed: credentialsFetcher is not a function

      171 |     catch (error: any) {
      172 |       this.status = EMqttStatus.DISCONNECTED;
    > 173 |       console.error('📡 MQTT connect failed:', error?.message);
          |               ^
      174 |     }
      175 |   }
      176 |

      at MqttManager.error (src/lib/mqtt/mqtt-manager.ts:173:15)
      at asyncGeneratorStep (node_modules/@babel/runtime/helpers/asyncToGenerator.js:3:17)
      at _next (node_modules/@babel/runtime/helpers/asyncToGenerator.js:17:9)
      at node_modules/@babel/runtime/helpers/asyncToGenerator.js:22:7
      at MqttManager.<anonymous> (node_modules/@babel/runtime/helpers/asyncToGenerator.js:14:12)
      at MqttManager.apply [as connect] (src/lib/mqtt/mqtt-manager.ts:113:16)
      at Object.connect (src/lib/mqtt/mqtt-manager.test.ts:160:21)
      at asyncGeneratorStep (node_modules/@babel/runtime/helpers/asyncToGenerator.js:3:17)
      at _next (node_modules/@babel/runtime/helpers/asyncToGenerator.js:17:9)
      at node_modules/@babel/runtime/helpers/asyncToGenerator.js:22:7
      at Object.<anonymous> (node_modules/@babel/runtime/helpers/asyncToGenerator.js:14:12)

    console.error
      📡 MQTT connect failed: credentialsFetcher is not a function

      171 |     catch (error: any) {
      172 |       this.status = EMqttStatus.DISCONNECTED;
    > 173 |       console.error('📡 MQTT connect failed:', error?.message);
          |               ^
      174 |     }
      175 |   }
      176 |

      at MqttManager.error (src/lib/mqtt/mqtt-manager.ts:173:15)
      at asyncGeneratorStep (node_modules/@babel/runtime/helpers/asyncToGenerator.js:3:17)
      at _next (node_modules/@babel/runtime/helpers/asyncToGenerator.js:17:9)
      at node_modules/@babel/runtime/helpers/asyncToGenerator.js:22:7
      at MqttManager.<anonymous> (node_modules/@babel/runtime/helpers/asyncToGenerator.js:14:12)
      at MqttManager.apply [as connect] (src/lib/mqtt/mqtt-manager.ts:113:16)
      at Object.connect (src/lib/mqtt/mqtt-manager.test.ts:192:21)
      at asyncGeneratorStep (node_modules/@babel/runtime/helpers/asyncToGenerator.js:3:17)
      at _next (node_modules/@babel/runtime/helpers/asyncToGenerator.js:17:9)
      at node_modules/@babel/runtime/helpers/asyncToGenerator.js:22:7
      at Object.<anonymous> (node_modules/@babel/runtime/helpers/asyncToGenerator.js:14:12)

    console.error
      📡 MQTT connect failed: credentialsFetcher is not a function

      171 |     catch (error: any) {
      172 |       this.status = EMqttStatus.DISCONNECTED;
    > 173 |       console.error('📡 MQTT connect failed:', error?.message);
          |               ^
      174 |     }
      175 |   }
      176 |

      at MqttManager.error (src/lib/mqtt/mqtt-manager.ts:173:15)
      at asyncGeneratorStep (node_modules/@babel/runtime/helpers/asyncToGenerator.js:3:17)
      at _next (node_modules/@babel/runtime/helpers/asyncToGenerator.js:17:9)
      at node_modules/@babel/runtime/helpers/asyncToGenerator.js:22:7
      at MqttManager.<anonymous> (node_modules/@babel/runtime/helpers/asyncToGenerator.js:14:12)
      at MqttManager.apply [as connect] (src/lib/mqtt/mqtt-manager.ts:113:16)
      at Object.connect (src/lib/mqtt/mqtt-manager.test.ts:211:21)
      at asyncGeneratorStep (node_modules/@babel/runtime/helpers/asyncToGenerator.js:3:17)
      at _next (node_modules/@babel/runtime/helpers/asyncToGenerator.js:17:9)
      at node_modules/@babel/runtime/helpers/asyncToGenerator.js:22:7
      at Object.<anonymous> (node_modules/@babel/runtime/helpers/asyncToGenerator.js:14:12)

    console.error
      📡 MQTT connect failed: credentialsFetcher is not a function

      171 |     catch (error: any) {
      172 |       this.status = EMqttStatus.DISCONNECTED;
    > 173 |       console.error('📡 MQTT connect failed:', error?.message);
          |               ^
      174 |     }
      175 |   }
      176 |

      at MqttManager.error (src/lib/mqtt/mqtt-manager.ts:173:15)
      at asyncGeneratorStep (node_modules/@babel/runtime/helpers/asyncToGenerator.js:3:17)
      at _next (node_modules/@babel/runtime/helpers/asyncToGenerator.js:17:9)
      at node_modules/@babel/runtime/helpers/asyncToGenerator.js:22:7
      at MqttManager.<anonymous> (node_modules/@babel/runtime/helpers/asyncToGenerator.js:14:12)
      at MqttManager.apply [as connect] (src/lib/mqtt/mqtt-manager.ts:113:16)
      at Object.connect (src/lib/mqtt/mqtt-manager.test.ts:265:21)
      at asyncGeneratorStep (node_modules/@babel/runtime/helpers/asyncToGenerator.js:3:17)
      at _next (node_modules/@babel/runtime/helpers/asyncToGenerator.js:17:9)
      at node_modules/@babel/runtime/helpers/asyncToGenerator.js:22:7
      at Object.<anonymous> (node_modules/@babel/runtime/helpers/asyncToGenerator.js:14:12)

    console.error
      📡 MQTT connect failed: credentialsFetcher is not a function

      171 |     catch (error: any) {
      172 |       this.status = EMqttStatus.DISCONNECTED;
    > 173 |       console.error('📡 MQTT connect failed:', error?.message);
          |               ^
      174 |     }
      175 |   }
      176 |

      at MqttManager.error (src/lib/mqtt/mqtt-manager.ts:173:15)
      at asyncGeneratorStep (node_modules/@babel/runtime/helpers/asyncToGenerator.js:3:17)
      at _next (node_modules/@babel/runtime/helpers/asyncToGenerator.js:17:9)
      at node_modules/@babel/runtime/helpers/asyncToGenerator.js:22:7
      at MqttManager.<anonymous> (node_modules/@babel/runtime/helpers/asyncToGenerator.js:14:12)
      at MqttManager.apply [as connect] (src/lib/mqtt/mqtt-manager.ts:113:16)
      at Object.connect (src/lib/mqtt/mqtt-manager.test.ts:274:21)
      at asyncGeneratorStep (node_modules/@babel/runtime/helpers/asyncToGenerator.js:3:17)
      at _next (node_modules/@babel/runtime/helpers/asyncToGenerator.js:17:9)
      at node_modules/@babel/runtime/helpers/asyncToGenerator.js:22:7
      at Object.<anonymous> (node_modules/@babel/runtime/helpers/asyncToGenerator.js:14:12)

  ● MqttManager › connect › should fetch credentials and connect via mqtt.connect

    expect(jest.fn()).toHaveBeenCalledTimes(expected)

    Expected number of calls: 1
    Received number of calls: 0

      72 |       await manager.connect('fake-access-token');
      73 |
    > 74 |       expect(mockGetMqttCredentials).toHaveBeenCalledTimes(1);
         |                                      ^
      75 |       expect(mockConnect).toHaveBeenCalledWith(MOCK_CREDENTIALS.url, {
      76 |         username: MOCK_CREDENTIALS.username,
      77 |         password: MOCK_CREDENTIALS.password,

      at Object.toHaveBeenCalledTimes (src/lib/mqtt/mqtt-manager.test.ts:74:38)
      at asyncGeneratorStep (node_modules/@babel/runtime/helpers/asyncToGenerator.js:3:17)
      at _next (node_modules/@babel/runtime/helpers/asyncToGenerator.js:17:9)

  ● MqttManager › connect › should not connect if already connected

    expect(jest.fn()).toHaveBeenCalledTimes(expected)

    Expected number of calls: 1
    Received number of calls: 0

      87 |       await manager.connect('token-2');
      88 |
    > 89 |       expect(mockGetMqttCredentials).toHaveBeenCalledTimes(1);
         |                                      ^
      90 |     });
      91 |
      92 |     it('should handle credential fetch failure gracefully', async () => {

      at Object.toHaveBeenCalledTimes (src/lib/mqtt/mqtt-manager.test.ts:89:38)
      at asyncGeneratorStep (node_modules/@babel/runtime/helpers/asyncToGenerator.js:3:17)
      at _next (node_modules/@babel/runtime/helpers/asyncToGenerator.js:17:9)

  ● MqttManager › disconnect › should end the mqtt client

    expect(jest.fn()).toHaveBeenCalled()

    Expected number of calls: >= 1
    Received number of calls:    0

      107 |       manager.disconnect();
      108 |
    > 109 |       expect(mockMqttClient.end).toHaveBeenCalled();
          |                                  ^
      110 |     });
      111 |
      112 |     it('should be safe to call when not connected', () => {

      at Object.toHaveBeenCalled (src/lib/mqtt/mqtt-manager.test.ts:109:34)
      at asyncGeneratorStep (node_modules/@babel/runtime/helpers/asyncToGenerator.js:3:17)
      at _next (node_modules/@babel/runtime/helpers/asyncToGenerator.js:17:9)

  ● MqttManager › subscribeTopics › should subscribe to device state topics

    expect(jest.fn()).toHaveBeenCalledWith(...expected)

    Expected: ["+/+/dev-aaa/state", "+/+/dev-bbb/state"], Any<Function>

    Number of calls: 0

      128 |       manager.subscribeDevices(devices);
      129 |
    > 130 |       expect(mockMqttClient.subscribe).toHaveBeenCalledWith(
          |                                        ^
      131 |         ['+/+/dev-aaa/state', '+/+/dev-bbb/state'],
      132 |         expect.any(Function),
      133 |       );

      at Object.toHaveBeenCalledWith (src/lib/mqtt/mqtt-manager.test.ts:130:40)
      at asyncGeneratorStep (node_modules/@babel/runtime/helpers/asyncToGenerator.js:3:17)
      at _next (node_modules/@babel/runtime/helpers/asyncToGenerator.js:17:9)

  ● MqttManager › unsubscribeTopics › should unsubscribe from device state topics

    expect(jest.fn()).toHaveBeenCalledWith(...expected)

    Expected: ["+/+/dev-aaa/state"], Any<Function>

    Number of calls: 0

      146 |       manager.unsubscribeDevices([{ token: 'dev-aaa', id: 'id-1' }]);
      147 |
    > 148 |       expect(mockMqttClient.unsubscribe).toHaveBeenCalledWith(
          |                                          ^
      149 |         ['+/+/dev-aaa/state'],
      150 |         expect.any(Function),
      151 |       );

      at Object.toHaveBeenCalledWith (src/lib/mqtt/mqtt-manager.test.ts:148:42)
      at asyncGeneratorStep (node_modules/@babel/runtime/helpers/asyncToGenerator.js:3:17)
      at _next (node_modules/@babel/runtime/helpers/asyncToGenerator.js:17:9)

  ● MqttManager › message handling › should parse topic and emit device event with entity data

    expect(received).toBeDefined()

    Received: undefined

      168 |       )?.[1];
      169 |
    > 170 |       expect(messageHandler).toBeDefined();
          |                              ^
      171 |
      172 |       // Subscribe to device event
      173 |       const handler = jest.fn();

      at Object.toBeDefined (src/lib/mqtt/mqtt-manager.test.ts:170:30)
      at asyncGeneratorStep (node_modules/@babel/runtime/helpers/asyncToGenerator.js:3:17)
      at _next (node_modules/@babel/runtime/helpers/asyncToGenerator.js:17:9)

  ● MqttManager › message handling › should handle malformed JSON payload gracefully

    expect(received).not.toThrow()

    Error name:    "TypeError"
    Error message: "messageHandler is not a function"

          202 |       // Should not throw
          203 |       expect(() => {
        > 204 |         messageHandler('COMPANY/MODEL/dev-t/state', Buffer.from('not-json'));
              |         ^
          205 |       }).not.toThrow();
          206 |
          207 |       expect(handler).not.toHaveBeenCalled();

      at messageHandler (src/lib/mqtt/mqtt-manager.test.ts:204:9)
      at Object.<anonymous> (node_modules/expect/build/toThrowMatchers.js:74:11)
      at Object.throwingMatcher [as toThrow] (node_modules/expect/build/index.js:320:21)
      at Object.toThrow (src/lib/mqtt/mqtt-manager.test.ts:205:14)
      at asyncGeneratorStep (node_modules/@babel/runtime/helpers/asyncToGenerator.js:3:17)
      at _next (node_modules/@babel/runtime/helpers/asyncToGenerator.js:17:9)
      at Object.toThrow (src/lib/mqtt/mqtt-manager.test.ts:205:14)
      at asyncGeneratorStep (node_modules/@babel/runtime/helpers/asyncToGenerator.js:3:17)
      at _next (node_modules/@babel/runtime/helpers/asyncToGenerator.js:17:9)

  ● MqttManager › message handling › should handle update messages with multiple entity updates

    TypeError: messageHandler is not a function

      230 |       });
      231 |
    > 232 |       messageHandler('COMPANY/MODEL/dev-t/state', Buffer.from(payload));
          |       ^
      233 |
      234 |       // Should emit for each update
      235 |       expect(handler).toHaveBeenCalledTimes(2);

      at Object.messageHandler (src/lib/mqtt/mqtt-manager.test.ts:232:7)
      at asyncGeneratorStep (node_modules/@babel/runtime/helpers/asyncToGenerator.js:3:17)
      at _next (node_modules/@babel/runtime/helpers/asyncToGenerator.js:17:9)

  ● MqttManager › status › should report connected status

    expect(received).toBe(expected) // Object.is equality

    Expected: true
    Received: false

      264 |     it('should report connected status', async () => {
      265 |       await manager.connect('token');
    > 266 |       expect(manager.isConnected()).toBe(true);
          |                                     ^
      267 |     });
      268 |
      269 |     it('should report disconnected when no client', () => {

      at Object.toBe (src/lib/mqtt/mqtt-manager.test.ts:266:37)
      at asyncGeneratorStep (node_modules/@babel/runtime/helpers/asyncToGenerator.js:3:17)
      at _next (node_modules/@babel/runtime/helpers/asyncToGenerator.js:17:9)

PASS src/components/ui/form-utils.test.ts
FAIL src/lib/utils/device-entity-helper.test.ts
  ● Test suite failed to run

    Jest encountered an unexpected token

    Jest failed to parse a file. This happens e.g. when your code or its dependencies use non-standard JavaScript syntax, or when Jest is not configured to support such syntax.

    Out of the box Jest supports Babel, which will be used to transform your files into valid JS based on your Babel configuration.

    By default "node_modules" folder is ignored by transformers.

    Here's what you can do:
     • If you are trying to use ECMAScript Modules, see https://jestjs.io/docs/ecmascript-modules for how to enable it.
     • If you are trying to use TypeScript, see https://jestjs.io/docs/getting-started#using-typescript
     • To have some of your "node_modules" files transformed, you can specify a custom "transformIgnorePatterns" in your config.
     • If you need a custom transformation specify a "transform" option in your config.
     • If you simply want to mock your non-JS modules (e.g. binary assets) you can stub them out with the "moduleNameMapper" config option.

    You'll find more details and examples of these config options in the docs:
    https://jestjs.io/docs/configuration
    For information about custom transformations, see:
    https://jestjs.io/docs/code-transformation

    Details:

    /Users/adminsoftflex/Documents/smarthome/new-app/node_modules/@dev-plugins/react-query/build/index.js:1
    ({"Object.<anonymous>":function(module,exports,require,__dirname,__filename,jest){export let useReactQueryDevTools;
                                                                                      ^^^^^^

    SyntaxError: Unexpected token 'export'

    > 1 | import { useReactQueryDevTools } from '@dev-plugins/react-query';
        | ^
      2 | import { QueryClient, QueryClientProvider } from '@tanstack/react-query';
      3 | import * as React from 'react';
      4 |

      at Runtime.createScriptFromCode (node_modules/jest-runtime/build/index.js:1505:14)
      at Object.require (src/lib/api/common/api-provider.tsx:1:1)
      at Object.require (src/lib/api/common/index.tsx:2:1)
      at Object.require (src/lib/api/devices/device.service.ts:1:1)
      at Object.require (src/lib/utils/device-entity-helper.ts:3:1)
      at Object.require (src/lib/utils/device-entity-helper.test.ts:2:1)

FAIL src/features/auth/user-store.test.tsx
  ● Test suite failed to run

    Cannot find module '../../lib/socket/socket-manager' from 'src/features/auth/user-store.test.tsx'

      28 | }));
      29 |
    > 30 | jest.mock('@/lib/socket/socket-manager', () => {
         |      ^
      31 |   return {
      32 |     __esModule: true,
      33 |     default: {

      at Resolver._throwModNotFoundError (node_modules/jest-resolve/build/resolver.js:427:11)
      at Object.mock (src/features/auth/user-store.test.tsx:30:6)

PASS src/components/ui/float-input.test.tsx
PASS src/components/ui/input.test.tsx
  ● Console

    console.info
      🌐 i18next is made possible by our own product, Locize — consider powering your project with managed localization (AI, CDN, integrations): https://locize.com 💙

      at I18n.init (node_modules/i18next/dist/cjs/i18next.js:1794:90)

PASS src/components/ui/button.test.tsx
PASS src/features/devices/components/hooks/use-device-control.test.ts
PASS src/components/ui/select.test.tsx
  ● Console

    console.info
      🌐 i18next is made possible by our own product, Locize — consider powering your project with managed localization (AI, CDN, integrations): https://locize.com 💙

      at I18n.init (node_modules/i18next/dist/cjs/i18next.js:1794:90)

PASS src/components/ui/checkbox.test.tsx
  ● Console

    console.info
      🌐 i18next is made possible by our own product, Locize — consider powering your project with managed localization (AI, CDN, integrations): https://locize.com 💙

      at I18n.init (node_modules/i18next/dist/cjs/i18next.js:1794:90)

PASS src/features/auth/components/login-form.test.tsx
  ● Console

    console.info
      🌐 i18next is made possible by our own product, Locize — consider powering your project with managed localization (AI, CDN, integrations): https://locize.com 💙

      at I18n.init (node_modules/i18next/dist/cjs/i18next.js:1794:90)

    console.error
      An update to LocalSubscribe inside a test was not wrapped in act(...).
      
      When testing, code that causes React state updates should be wrapped into act(...):
      
      act(() => {
        /* fire events that update state */
      });
      /* assert on the output */
      
      This ensures that you're testing the behavior the user would see in the browser. Learn more at https://react.dev/link/wrap-tests-with-act

      89 |
      90 |     await user.type(emailInput, 'yyyyy');
    > 91 |     emailInput.props.onBlur(); // Manually trigger blur to set touched state
         |                      ^
      92 |     await user.type(passwordInput, 'test123');
      93 |     await user.press(button);
      94 |

      at node_modules/react-test-renderer/cjs/react-test-renderer.development.js:14402:19
      at runWithFiberInDEV (node_modules/react-test-renderer/cjs/react-test-renderer.development.js:2315:13)
      at warnIfUpdatesNotWrappedWithActDEV (node_modules/react-test-renderer/cjs/react-test-renderer.development.js:14401:9)
      at scheduleUpdateOnFiber (node_modules/react-test-renderer/cjs/react-test-renderer.development.js:12086:9)
      at forceStoreRerender (node_modules/react-test-renderer/cjs/react-test-renderer.development.js:5432:24)
      at node_modules/react-test-renderer/cjs/react-test-renderer.development.js:5417:11
      at node_modules/@tanstack/store/src/atom.ts:178:15
      at run (node_modules/@tanstack/store/src/atom.ts:280:14)
      at Object.notify (node_modules/@tanstack/store/src/atom.ts:300:9)
      at flush (node_modules/@tanstack/store/src/atom.ts:89:12)
      at Object.atom.set (node_modules/@tanstack/store/src/atom.ts:258:11)
      at Store.setState (node_modules/@tanstack/store/src/store.ts:16:15)
      at FormApi.validateAsync (node_modules/@tanstack/form-core/src/FormApi.ts:1833:22)
      at FieldApi.validate (node_modules/@tanstack/form-core/src/FieldApi.ts:1930:19)
      at Object.FieldApi.handleBlur [as onBlur] (node_modules/@tanstack/form-core/src/FieldApi.ts:1952:10)
      at Object.onBlur (src/features/auth/components/login-form.test.tsx:91:22)
      at asyncGeneratorStep (node_modules/@babel/runtime/helpers/asyncToGenerator.js:3:17)
      at _next (node_modules/@babel/runtime/helpers/asyncToGenerator.js:17:9)

    console.error
      An update to LocalSubscribe inside a test was not wrapped in act(...).
      
      When testing, code that causes React state updates should be wrapped into act(...):
      
      act(() => {
        /* fire events that update state */
      });
      /* assert on the output */
      
      This ensures that you're testing the behavior the user would see in the browser. Learn more at https://react.dev/link/wrap-tests-with-act

      89 |
      90 |     await user.type(emailInput, 'yyyyy');
    > 91 |     emailInput.props.onBlur(); // Manually trigger blur to set touched state
         |                      ^
      92 |     await user.type(passwordInput, 'test123');
      93 |     await user.press(button);
      94 |

      at node_modules/react-test-renderer/cjs/react-test-renderer.development.js:14402:19
      at runWithFiberInDEV (node_modules/react-test-renderer/cjs/react-test-renderer.development.js:2315:13)
      at warnIfUpdatesNotWrappedWithActDEV (node_modules/react-test-renderer/cjs/react-test-renderer.development.js:14401:9)
      at scheduleUpdateOnFiber (node_modules/react-test-renderer/cjs/react-test-renderer.development.js:12086:9)
      at forceStoreRerender (node_modules/react-test-renderer/cjs/react-test-renderer.development.js:5432:24)
      at node_modules/react-test-renderer/cjs/react-test-renderer.development.js:5417:11
      at node_modules/@tanstack/store/src/atom.ts:178:15
      at run (node_modules/@tanstack/store/src/atom.ts:280:14)
      at Object.notify (node_modules/@tanstack/store/src/atom.ts:300:9)
      at flush (node_modules/@tanstack/store/src/atom.ts:89:12)
      at Object.atom.set (node_modules/@tanstack/store/src/atom.ts:258:11)
      at Store.setState (node_modules/@tanstack/store/src/store.ts:16:15)
      at FormApi.validateAsync (node_modules/@tanstack/form-core/src/FormApi.ts:1999:20)
      at FieldApi.validate (node_modules/@tanstack/form-core/src/FieldApi.ts:1930:19)
      at Object.FieldApi.handleBlur [as onBlur] (node_modules/@tanstack/form-core/src/FieldApi.ts:1952:10)
      at Object.onBlur (src/features/auth/components/login-form.test.tsx:91:22)
      at asyncGeneratorStep (node_modules/@babel/runtime/helpers/asyncToGenerator.js:3:17)
      at _next (node_modules/@babel/runtime/helpers/asyncToGenerator.js:17:9)

A worker process has failed to exit gracefully and has been force exited. This is likely caused by tests leaking due to improper teardown. Try running with --detectOpenHandles to find leaks. Active timers can also cause this, ensure that .unref() was called on them.

Test Suites: 3 failed, 9 passed, 12 total
Tests:       9 failed, 71 passed, 80 total
Snapshots:   0 total
Time:        2.486 s, estimated 9 s
Ran all test suites.
